---
source: crates/rattler_repodata_gateway/src/sparse/mod.rs
expression: "records.join(\"\\n\")"
---
bors-1.1-bla_1.conda
bors-2.1-bla_1.conda
