---
source: crates/rattler/src/install/link.rs
expression: replaced
---
#!/usr/bin/env executable -m 123123

# just a comment

import sys
import re

main(...)
