---
source: crates/rattler/src/install/link.rs
expression: replaced
---
#!/bin/sh
'''exec' "/new/prefix/with spaces/bin/python3.12" "$0" "$@" #'''
