---
source: crates/rattler_menuinst/src/macos.rs
expression: "fs::read_to_string(dirs.location.join(\"Contents/Info.plist\")).unwrap()"
---
<?xml version="1.0" encoding="UTF-8"?>
<!DOCTYPE plist PUBLIC "-//Apple//DTD PLIST 1.0//EN" "http://www.apple.com/DTDs/PropertyList-1.0.dtd">
<plist version="1.0">
<dict>
	<key>CFBundleName</key>
	<string>Spyder 6</string>
	<key>CFBundleDisplayName</key>
	<string>Spyder 6 (test-env)</string>
	<key>CFBundleExecutable</key>
	<string>spyder-6-test-env</string>
	<key>CFBundleIdentifier</key>
	<string>com.spyder-6-test-env</string>
	<key>CFBundlePackageType</key>
	<string>APPL</string>
	<key>CFBundleVersion</key>
	<string>6.0.2</string>
	<key>CFBundleGetInfoString</key>
	<string>spyder-6-test-env-6.0.2</string>
	<key>CFBundleShortVersionString</key>
	<string>6.0.2</string>
	<key>CFBundleIconFile</key>
	<string>spyder.icns</string>
	<key>CFBundleDocumentTypes</key>
	<array>
		<dict>
			<key>CFBundleTypeName</key>
			<string>text document</string>
			<key>CFBundleTypeIconFile</key>
			<string>spyder.icns</string>
			<key>CFBundleTypeRole</key>
			<string>Editor</string>
			<key>LSItemContentTypes</key>
			<array>
				<string>com.apple.applescript.text</string>
				<string>com.apple.ascii-property-list</string>
				<string>com.apple.audio-unit-preset</string>
				<string>com.apple.binary-property-list</string>
				<string>com.apple.configprofile</string>
				<string>com.apple.crashreport</string>
				<string>com.apple.dashcode.css</string>
				<string>com.apple.dashcode.javascript</string>
				<string>com.apple.dashcode.json</string>
				<string>com.apple.dashcode.manifest</string>
				<string>com.apple.dt.document.ascii-property-list</string>
				<string>com.apple.dt.document.script-suite-property-list</string>
				<string>com.apple.dt.document.script-terminology-property-list</string>
				<string>com.apple.property-list</string>
				<string>com.apple.rez-source</string>
				<string>com.apple.scripting-definition</string>
				<string>com.apple.structured-text</string>
				<string>com.apple.traditional-mac-plain-text</string>
				<string>com.apple.xcode.ada-source</string>
				<string>com.apple.xcode.apinotes</string>
				<string>com.apple.xcode.bash-script</string>
				<string>com.apple.xcode.configsettings</string>
				<string>com.apple.xcode.csh-script</string>
				<string>com.apple.xcode.entitlements-property-list</string>
				<string>com.apple.xcode.fortran-source</string>
				<string>com.apple.xcode.glsl-source</string>
				<string>com.apple.xcode.ksh-script</string>
				<string>com.apple.xcode.lex-source</string>
				<string>com.apple.xcode.make-script</string>
				<string>com.apple.xcode.mig-source</string>
				<string>com.apple.xcode.pascal-source</string>
				<string>com.apple.xcode.strings-text</string>
				<string>com.apple.xcode.tcsh-script</string>
				<string>com.apple.xcode.yacc-source</string>
				<string>com.apple.xcode.zsh-script</string>
				<string>com.apple.xml-property-list</string>
				<string>com.netscape.javascript-source</string>
				<string>com.scenarist.closed-caption</string>
				<string>com.sun.java-source</string>
				<string>com.sun.java-web-start</string>
				<string>net.daringfireball.markdown</string>
				<string>org.khronos.glsl-source</string>
				<string>org.oasis-open.xliff</string>
				<string>public.ada-source</string>
				<string>public.assembly-source</string>
				<string>public.bash-script</string>
				<string>public.c-header</string>
				<string>public.c-plus-plus-header</string>
				<string>public.c-plus-plus-source</string>
				<string>public.c-source</string>
				<string>public.case-insensitive-text</string>
				<string>public.comma-separated-values-text</string>
				<string>public.csh-script</string>
				<string>public.css</string>
				<string>public.delimited-values-text</string>
				<string>public.dylan-source</string>
				<string>public.filename-extension</string>
				<string>public.fortran-77-source</string>
				<string>public.fortran-90-source</string>
				<string>public.fortran-95-source</string>
				<string>public.fortran-source</string>
				<string>public.html</string>
				<string>public.json</string>
				<string>public.ksh-script</string>
				<string>public.lex-source</string>
				<string>public.log</string>
				<string>public.m3u-playlist</string>
				<string>public.make-source</string>
				<string>public.mig-source</string>
				<string>public.mime-type</string>
				<string>public.module-map</string>
				<string>public.nasm-assembly-source</string>
				<string>public.objective-c-plus-plus-source</string>
				<string>public.objective-c-source</string>
				<string>public.opencl-source</string>
				<string>public.pascal-source</string>
				<string>public.patch-file</string>
				<string>public.perl-script</string>
				<string>public.php-script</string>
				<string>public.plain-text</string>
				<string>public.python-script</string>
				<string>public.rss</string>
				<string>public.ruby-script</string>
				<string>public.script</string>
				<string>public.shell-script</string>
				<string>public.source-code</string>
				<string>public.tcsh-script</string>
				<string>public.text</string>
				<string>public.utf16-external-plain-text</string>
				<string>public.utf16-plain-text</string>
				<string>public.utf8-plain-text</string>
				<string>public.utf8-tab-separated-values-text</string>
				<string>public.xhtml</string>
				<string>public.xml</string>
				<string>public.yacc-source</string>
				<string>public.yaml</string>
				<string>public.zsh-script</string>
			</array>
			<key>LSHandlerRank</key>
			<string>Default</string>
		</dict>
	</array>
</dict>
</plist>
