---
source: crates/rattler_shell/src/activation.rs
expression: env_diff
---
PKG1: "Hello, world!"
PKG2: "Hello, world!"
SCRIPT_ENV: "Hello, world!"
STATE: "Hello, world!"
