---
source: crates/rattler_conda_types/src/package/about.rs
expression: serialized
---
{"channels":["conda-forge"],"description":"A sample package","license":"MIT","license_family":"MIT","source_url":"https://github.com/some-user/sample","summary":"This is a test package"}
