---
source: crates/rattler_lock/src/lib.rs
expression: conda_lock
---
version: 6
environments:
  default:
    channels:
      - url: "https://conda.anaconda.org/conda-forge/"
    packages:
      linux-64:
        - conda: pixi-rev-package
packages:
  - conda: pixi-rev-package
    name: pixi-rev-package
    version: 0.5.0
    build: pyhbf21a9e_0
    subdir: noarch
    package_build_source:
      git: "https://github.com/example/pixi-package.git"
      rev: 123abc456def789012345678
