---
source: crates/rattler_lock/src/lib.rs
expression: conda_lock
---
version: 6
environments:
  default:
    channels:
      - url: "https://conda.anaconda.org/conda-forge/"
    packages:
      linux-64:
        - conda: pixi-tag-package
packages:
  - conda: pixi-tag-package
    name: pixi-tag-package
    version: 1.2.0
    build: pyhbf21a9e_0
    subdir: noarch
    package_build_source:
      git: "https://github.com/example/pixi-package.git"
      tag: v1.2.0
      rev: def456789012345
