---
source: crates/rattler_lock/src/lib.rs
expression: conda_lock
---
version: 7
environments:
  default:
    channels:
      - url: "https://prefix.dev/conda-forge/"
    packages:
      linux-64:
        - conda: "https://conda.anaconda.org/conda-forge/linux-64/python-3.12.0-h2628c8c_0_cpython.conda"
packages:
  - conda: "https://conda.anaconda.org/conda-forge/linux-64/python-3.12.0-h2628c8c_0_cpython.conda"
    sha256: 90553586879bf328f2f9efb8d8faa958ecba822faf379f0a20c3461467b9b955
    md5: defd5d375853a2caff36a19d2d81a28e
    license: Python-2.0
    size: 16140836
    timestamp: 1696321871976
