---
source: crates/rattler_conda_types/src/match_spec/parse.rs
expression: evaluated
snapshot_kind: text
---
2.7|>=3.6:
  version: "==2.7|>=3.6"
"https://conda.anaconda.org/conda-forge/linux-64/_libgcc_mutex-0.1-conda_forge.tar.bz2":
  url: "https://conda.anaconda.org/conda-forge/linux-64/_libgcc_mutex-0.1-conda_forge.tar.bz2"
~=1.2.3:
  version: ~=1.2.3
"*.* mkl":
  version: "*"
  build: mkl
"C:\\Users\\user\\conda-bld\\linux-64\\foo-1.0-py27_0.tar.bz2":
  url: "file:///C:/Users/user/conda-bld/linux-64/foo-1.0-py27_0.tar.bz2"
"=1.0=py27_0":
  version: "==1.0"
  build: py27_0
"==1.0=py27_0":
  version: "==1.0"
  build: py27_0
"https://conda.anaconda.org/conda-forge/linux-64/py-rattler-0.6.1-py39h8169da8_0.conda":
  url: "https://conda.anaconda.org/conda-forge/linux-64/py-rattler-0.6.1-py39h8169da8_0.conda"
"https://repo.prefix.dev/ruben-arts/linux-64/boost-cpp-1.78.0-h75c5d50_1.tar.bz2":
  url: "https://repo.prefix.dev/ruben-arts/linux-64/boost-cpp-1.78.0-h75c5d50_1.tar.bz2"
3.8.* *_cpython:
  version: 3.8.*
  build: "*_cpython"
"=*=cuda*":
  version: "*"
  build: cuda*
">=1!164.3095,<1!165":
  version: ">=1!164.3095,<1!165"
/home/user/conda-bld/linux-64/foo-1.0-py27_0.tar.bz2:
  url: "file:///home/user/conda-bld/linux-64/foo-1.0-py27_0.tar.bz2"
"[version=1.0.*]":
  version: 1.0.*
"[version=1.0.*, build_number=\">6\"]":
  version: 1.0.*
  build_number: ">6"
"==2.7.*.*|>=3.6":
  version: 2.7.*|>=3.6
"3.9":
  version: "==3.9"
"*":
  version: "*"
"[version=3.9]":
  version: "==3.9"
"[version=3.9, subdir=linux-64]":
  version: "==3.9"
  subdir: linux-64
"==3.9[subdir=linux-64, build_number=\"0\"]":
  version: "==3.9"
  build_number: "==0"
  subdir: linux-64
">=2.*.*":
  version: ">=2"
