---
source: crates/rattler_conda_types/src/match_spec/mod.rs
expression: "specs.into_iter().map(|s|\nMatchSpec::from_str(s,\nStrict).unwrap()).map(|s|\nserde_json::to_string(&s).unwrap()).format(\"\\n\").to_string()"
---
{"name":"mamba","version":"1.0.*","build":"py37_0"}
{"name":"pytest","version":"==1.0","channel":{"base_url":"https://conda.anaconda.org/conda-forge","name":"conda-forge"},"md5":"dede6252c964db3f3e41c7d30d07f6bf","sha256":"aaac4bc9c6916ecc0e33137431645b029ade22190c7144eead61446dcbcc6f97"}
{"name":"pytest","channel":{"base_url":"https://conda.anaconda.org/conda-forge","name":"conda-forge"},"subdir":"linux-64"}
{"name":"pytest","version":"1.0.*","channel":{"base_url":"https://conda.anaconda.org/conda-forge","name":"conda-forge"},"subdir":"linux-64"}
{"name":"pytest","version":"1.0.*","build":"py37_0","channel":{"base_url":"https://conda.anaconda.org/conda-forge","name":"conda-forge"},"subdir":"linux-64"}
{"name":"pytest","version":"==1.2.3","channel":{"base_url":"https://conda.anaconda.org/conda-forge","name":"conda-forge"},"subdir":"linux-64"}
